#
# There is insufficient memory for the Java Runtime Environment to continue.
# Native memory allocation (malloc) failed to allocate 1048576 bytes. Error detail: AllocateHeap
# Possible reasons:
#   The system is out of physical RAM or swap space
#   This process is running with CompressedOops enabled, and the Java Heap may be blocking the growth of the native heap
# Possible solutions:
#   Reduce memory load on the system
#   Increase physical memory or swap space
#   Check if swap backing store is full
#   Decrease Java heap size (-Xmx/-Xms)
#   Decrease number of Java threads
#   Decrease Java thread stack sizes (-Xss)
#   Set larger code cache with -XX:ReservedCodeCacheSize=
#   JVM is running with Unscaled Compressed Oops mode in which the Java heap is
#     placed in the first 4GB address space. The Java Heap base address is the
#     maximum limit for the native heap growth. Please use -XX:HeapBaseMinAddress
#     to set the Java Heap base and to place the Java Heap above 4GB virtual address.
# This output file may be truncated or incomplete.
#
#  Out of Memory Error (allocation.cpp:44), pid=22576, tid=23380
#
# JRE version: OpenJDK Runtime Environment Temurin-21.0.10+7 (21.0.10+7) (build 21.0.10+7-LTS)
# Java VM: OpenJDK 64-Bit Server VM Temurin-21.0.10+7 (21.0.10+7-LTS, mixed mode, sharing, tiered, compressed oops, compressed class ptrs, parallel gc, windows-amd64)
# No core dump will be written. Minidumps are not enabled by default on client versions of Windows
#

---------------  S U M M A R Y ------------

Command Line: --add-modules=ALL-SYSTEM --add-opens=java.base/java.util=ALL-UNNAMED --add-opens=java.base/java.lang=ALL-UNNAMED --add-opens=java.base/sun.nio.fs=ALL-UNNAMED -Declipse.application=org.eclipse.jdt.ls.core.id1 -Dosgi.bundles.defaultStartLevel=4 -Declipse.product=org.eclipse.jdt.ls.core.product -Djava.import.generatesMetadataFilesAtProjectRoot=false -DDetectVMInstallationsJob.disabled=true -Dfile.encoding=utf8 -XX:+UseParallelGC -XX:GCTimeRatio=4 -XX:AdaptiveSizePolicyWeight=90 -Dsun.zip.disableMemoryMapping=true -Xmx2G -Xms100m -Xlog:disable -javaagent:c:\Users\felip\.antigravity\extensions\redhat.java-1.54.0-win32-x64\lombok\lombok-1.18.39-4050.jar -XX:+HeapDumpOnOutOfMemoryError -XX:HeapDumpPath=c:\Users\felip\AppData\Roaming\Antigravity\User\workspaceStorage\add1d95827b3fb64585901f140ca610d\redhat.java -Daether.dependencyCollector.impl=bf c:\Users\felip\.antigravity\extensions\redhat.java-1.54.0-win32-x64\server\plugins\org.eclipse.equinox.launcher_1.7.100.v20251111-0406.jar -configuration c:\Users\felip\AppData\Roaming\Antigravity\User\globalStorage\redhat.java\1.54.0\config_win -data c:\Users\felip\AppData\Roaming\Antigravity\User\workspaceStorage\add1d95827b3fb64585901f140ca610d\redhat.java\jdt_ws --pipe=\\.\pipe\lsp-78073dc52d1884187bc768588ed5c5a3-sock

Host: AMD Ryzen 5 5500U with Radeon Graphics         , 12 cores, 15G,  Windows 11 , 64 bit Build 26100 (10.0.26100.8246)
Time: Wed Apr 22 23:24:16 2026 Hora est. Pacífico, Sudamérica elapsed time: 4730.659232 seconds (0d 1h 18m 50s)

---------------  T H R E A D  ---------------

Current thread (0x000001e30e3d8750):  JavaThread "Attach Listener" daemon [_thread_in_vm, id=23380, stack(0x000000e164800000,0x000000e164900000) (1024K)]

Stack: [0x000000e164800000,0x000000e164900000]
Native frames: (J=compiled Java code, j=interpreted, Vv=VM code, C=native code)
V  [jvm.dll+0x6d7a39]
V  [jvm.dll+0x8b4b26]
V  [jvm.dll+0x8b70de]
V  [jvm.dll+0x8b77c3]
V  [jvm.dll+0x284346]
V  [jvm.dll+0xc1277]
V  [jvm.dll+0x6d82e9]
V  [jvm.dll+0x1334a6]
V  [jvm.dll+0x3f857e]
V  [jvm.dll+0x85f59d]
V  [jvm.dll+0x6d626d]
C  [ucrtbase.dll+0x37b0]
C  [KERNEL32.DLL+0x2e8d7]
C  [ntdll.dll+0x8c3fc]


---------------  P R O C E S S  ---------------

Threads class SMR info:
_java_thread_list=0x000001e370b93ef0, length=39, elements={
0x000001e30e3338f0, 0x000001e30e2de800, 0x000001e30e3d4cf0, 0x000001e30e3d5ce0,
0x000001e30e3d8750, 0x000001e30e3d91b0, 0x000001e30e3d9c10, 0x000001e30e3db9b0,
0x000001e3671a1ea0, 0x000001e36732a640, 0x000001e3673ac160, 0x000001e36d0b2540,
0x000001e3686cad00, 0x000001e3674bd440, 0x000001e3674ab070, 0x000001e36d4835c0,
0x000001e36d883cc0, 0x000001e36d482320, 0x000001e36d43a710, 0x000001e36d439360,
0x000001e36d4399f0, 0x000001e36d437920, 0x000001e36d438640, 0x000001e36edc0e90,
0x000001e36edc0170, 0x000001e36edc28d0, 0x000001e36edc0800, 0x000001e36edc1bb0,
0x000001e36edc1520, 0x000001e36edc2f60, 0x000001e36edc2240, 0x000001e36edbfae0,
0x000001e36edc56c0, 0x000001e36edc5030, 0x000001e36edc49a0, 0x000001e36edc6a70,
0x000001e37b0067d0, 0x000001e367510ff0, 0x000001e36f3ae7f0
}

Java Threads: ( => current thread )
  0x000001e30e3338f0 JavaThread "main"                              [_thread_blocked, id=20924, stack(0x000000e164100000,0x000000e164200000) (1024K)]
  0x000001e30e2de800 JavaThread "Reference Handler"          daemon [_thread_blocked, id=13580, stack(0x000000e164500000,0x000000e164600000) (1024K)]
  0x000001e30e3d4cf0 JavaThread "Finalizer"                  daemon [_thread_blocked, id=24168, stack(0x000000e164600000,0x000000e164700000) (1024K)]
  0x000001e30e3d5ce0 JavaThread "Signal Dispatcher"          daemon [_thread_blocked, id=21272, stack(0x000000e164700000,0x000000e164800000) (1024K)]
=>0x000001e30e3d8750 JavaThread "Attach Listener"            daemon [_thread_in_vm, id=23380, stack(0x000000e164800000,0x000000e164900000) (1024K)]
  0x000001e30e3d91b0 JavaThread "Service Thread"             daemon [_thread_blocked, id=16484, stack(0x000000e164900000,0x000000e164a00000) (1024K)]
  0x000001e30e3d9c10 JavaThread "Monitor Deflation Thread"   daemon [_thread_blocked, id=16156, stack(0x000000e164a00000,0x000000e164b00000) (1024K)]
  0x000001e30e3db9b0 JavaThread "C2 CompilerThread0"         daemon [_thread_blocked, id=17148, stack(0x000000e164b00000,0x000000e164c00000) (1024K)]
  0x000001e3671a1ea0 JavaThread "C1 CompilerThread0"         daemon [_thread_blocked, id=10996, stack(0x000000e164c00000,0x000000e164d00000) (1024K)]
  0x000001e36732a640 JavaThread "Common-Cleaner"             daemon [_thread_blocked, id=3172, stack(0x000000e164d00000,0x000000e164e00000) (1024K)]
  0x000001e3673ac160 JavaThread "Notification Thread"        daemon [_thread_blocked, id=3616, stack(0x000000e164e00000,0x000000e164f00000) (1024K)]
  0x000001e36d0b2540 JavaThread "Active Thread: Equinox Container: c5008442-662f-45cc-aa21-7d3c278f9c03"        [_thread_blocked, id=2112, stack(0x000000e165700000,0x000000e165800000) (1024K)]
  0x000001e3686cad00 JavaThread "Refresh Thread: Equinox Container: c5008442-662f-45cc-aa21-7d3c278f9c03" daemon [_thread_blocked, id=20044, stack(0x000000e165900000,0x000000e165a00000) (1024K)]
  0x000001e3674bd440 JavaThread "Framework Event Dispatcher: Equinox Container: c5008442-662f-45cc-aa21-7d3c278f9c03" daemon [_thread_blocked, id=23840, stack(0x000000e165a00000,0x000000e165b00000) (1024K)]
  0x000001e3674ab070 JavaThread "Start Level: Equinox Container: c5008442-662f-45cc-aa21-7d3c278f9c03" daemon [_thread_blocked, id=22744, stack(0x000000e165000000,0x000000e165100000) (1024K)]
  0x000001e36d4835c0 JavaThread "Bundle File Closer"         daemon [_thread_blocked, id=19640, stack(0x000000e165e00000,0x000000e165f00000) (1024K)]
  0x000001e36d883cc0 JavaThread "SCR Component Actor"        daemon [_thread_blocked, id=23696, stack(0x000000e164f00000,0x000000e165000000) (1024K)]
  0x000001e36d482320 JavaThread "Worker-JM"                         [_thread_blocked, id=20092, stack(0x000000e166000000,0x000000e166100000) (1024K)]
  0x000001e36d43a710 JavaThread "JNA Cleaner"                daemon [_thread_blocked, id=16360, stack(0x000000e166100000,0x000000e166200000) (1024K)]
  0x000001e36d439360 JavaThread "Java indexing"              daemon [_thread_blocked, id=20284, stack(0x000000e166400000,0x000000e166500000) (1024K)]
  0x000001e36d4399f0 JavaThread "Thread-1"                   daemon [_thread_in_native, id=5468, stack(0x000000e166900000,0x000000e166a00000) (1024K)]
  0x000001e36d437920 JavaThread "Thread-2"                   daemon [_thread_in_native, id=23724, stack(0x000000e166a00000,0x000000e166b00000) (1024K)]
  0x000001e36d438640 JavaThread "Thread-3"                   daemon [_thread_in_native, id=18468, stack(0x000000e166b00000,0x000000e166c00000) (1024K)]
  0x000001e36edc0e90 JavaThread "Thread-4"                   daemon [_thread_in_native, id=5336, stack(0x000000e166c00000,0x000000e166d00000) (1024K)]
  0x000001e36edc0170 JavaThread "Thread-5"                   daemon [_thread_in_native, id=16064, stack(0x000000e166d00000,0x000000e166e00000) (1024K)]
  0x000001e36edc28d0 JavaThread "Thread-6"                   daemon [_thread_in_native, id=19616, stack(0x000000e166e00000,0x000000e166f00000) (1024K)]
  0x000001e36edc0800 JavaThread "Thread-7"                   daemon [_thread_in_native, id=16832, stack(0x000000e166f00000,0x000000e167000000) (1024K)]
  0x000001e36edc1bb0 JavaThread "Thread-8"                   daemon [_thread_in_native, id=21080, stack(0x000000e167000000,0x000000e167100000) (1024K)]
  0x000001e36edc1520 JavaThread "Thread-9"                   daemon [_thread_in_native, id=23980, stack(0x000000e167100000,0x000000e167200000) (1024K)]
  0x000001e36edc2f60 JavaThread "Thread-10"                  daemon [_thread_in_native, id=11792, stack(0x000000e167200000,0x000000e167300000) (1024K)]
  0x000001e36edc2240 JavaThread "Thread-11"                  daemon [_thread_in_native, id=10032, stack(0x000000e167300000,0x000000e167400000) (1024K)]
  0x000001e36edbfae0 JavaThread "Thread-12"                  daemon [_thread_in_native, id=3520, stack(0x000000e167400000,0x000000e167500000) (1024K)]
  0x000001e36edc56c0 JavaThread "Thread-13"                  daemon [_thread_in_native, id=3164, stack(0x000000e167500000,0x000000e167600000) (1024K)]
  0x000001e36edc5030 JavaThread "pool-2-thread-1"                   [_thread_blocked, id=9468, stack(0x000000e167600000,0x000000e167700000) (1024K)]
  0x000001e36edc49a0 JavaThread "WorkspaceEventsHandler"            [_thread_blocked, id=24316, stack(0x000000e167700000,0x000000e167800000) (1024K)]
  0x000001e36edc6a70 JavaThread "pool-1-thread-1"                   [_thread_blocked, id=8820, stack(0x000000e167800000,0x000000e167900000) (1024K)]
  0x000001e37b0067d0 JavaThread "Cleaner-0"                  daemon [_thread_blocked, id=12404, stack(0x000000e169a00000,0x000000e169b00000) (1024K)]
  0x000001e367510ff0 JavaThread "Worker-9"                          [_thread_blocked, id=19020, stack(0x000000e168400000,0x000000e168500000) (1024K)]
  0x000001e36f3ae7f0 JavaThread "Worker-12"                         [_thread_blocked, id=1852, stack(0x000000e163e00000,0x000000e163f00000) (1024K)]
Total: 39

Other Threads:
  0x000001e30e3cfa60 VMThread "VM Thread"                           [id=21064, stack(0x000000e164400000,0x000000e164500000) (1024K)]
  0x000001e30e1bcb20 WatcherThread "VM Periodic Task Thread"        [id=12652, stack(0x000000e164300000,0x000000e164400000) (1024K)]
  0x000001e30e351050 WorkerThread "GC Thread#0"                     [id=1772, stack(0x000000e164200000,0x000000e164300000) (1024K)]
  0x000001e36874abf0 WorkerThread "GC Thread#1"                     [id=16852, stack(0x000000e165100000,0x000000e165200000) (1024K)]
  0x000001e36889f960 WorkerThread "GC Thread#2"                     [id=1704, stack(0x000000e165200000,0x000000e165300000) (1024K)]
  0x000001e36d0260c0 WorkerThread "GC Thread#3"                     [id=10720, stack(0x000000e165300000,0x000000e165400000) (1024K)]
  0x000001e36d026470 WorkerThread "GC Thread#4"                     [id=20804, stack(0x000000e165400000,0x000000e165500000) (1024K)]
  0x000001e36d026820 WorkerThread "GC Thread#5"                     [id=22824, stack(0x000000e165500000,0x000000e165600000) (1024K)]
  0x000001e36d026bd0 WorkerThread "GC Thread#6"                     [id=22548, stack(0x000000e165600000,0x000000e165700000) (1024K)]
  0x000001e3686ca950 WorkerThread "GC Thread#7"                     [id=21056, stack(0x000000e165800000,0x000000e165900000) (1024K)]
  0x000001e36d2fdd90 WorkerThread "GC Thread#8"                     [id=7556, stack(0x000000e165c00000,0x000000e165d00000) (1024K)]
  0x000001e36d610700 WorkerThread "GC Thread#9"                     [id=15948, stack(0x000000e165d00000,0x000000e165e00000) (1024K)]
Total: 12

Threads with active compile tasks:
Total: 0

VM state: not at safepoint (normal execution)

VM Mutex/Monitor currently owned by a thread: None

Heap address: 0x0000000080000000, size: 2048 MB, Compressed Oops mode: 32-bit

CDS archive(s) mapped at: [0x000001e325000000-0x000001e325ba0000-0x000001e325ba0000), size 12189696, SharedBaseAddress: 0x000001e325000000, ArchiveRelocationMode: 1.
Compressed class space mapped at: 0x000001e326000000-0x000001e366000000, reserved size: 1073741824
Narrow klass base: 0x000001e325000000, Narrow klass shift: 0, Narrow klass range: 0x100000000

GC Precious Log:
 CardTable entry size: 512
 CPUs: 12 total, 12 available
 Memory: 15693M
 Large Page Support: Disabled
 NUMA Support: Disabled
 Compressed Oops: Enabled (32-bit)
 Alignments: Space 512K, Generation 512K, Heap 2M
 Heap Min Capacity: 100M
 Heap Initial Capacity: 100M
 Heap Max Capacity: 2G
 Pre-touch: Disabled
 Parallel Workers: 10

Heap:
 PSYoungGen      total 5120K, used 4924K [0x00000000d5580000, 0x00000000d5b80000, 0x0000000100000000)
  eden space 4608K, 98% used [0x00000000d5580000,0x00000000d59ef090,0x00000000d5a00000)
  from space 512K, 75% used [0x00000000d5a80000,0x00000000d5ae0000,0x00000000d5b00000)
  to   space 512K, 0% used [0x00000000d5b00000,0x00000000d5b00000,0x00000000d5b80000)
 ParOldGen       total 607232K, used 607111K [0x0000000080000000, 0x00000000a5100000, 0x00000000d5580000)
  object space 607232K, 99% used [0x0000000080000000,0x00000000a50e1c18,0x00000000a5100000)
 Metaspace       used 86308K, committed 88256K, reserved 1179648K
  class space    used 8735K, committed 9600K, reserved 1048576K

Card table byte_map: [0x000001e30dcd0000,0x000001e30e0e0000] _byte_map_base: 0x000001e30d8d0000

Marking Bits: (ParMarkBitMap*) 0x00007ffdbcbc3450
 Begin Bits: [0x000001e3207e0000, 0x000001e3227e0000)
 End Bits:   [0x000001e3227e0000, 0x000001e3247e0000)

Polling page: 0x000001e30c100000

Metaspace:

Usage:
  Non-class:     75.75 MB used.
      Class:      8.53 MB used.
       Both:     84.29 MB used.

Virtual space:
  Non-class space:      128.00 MB reserved,      76.81 MB ( 60%) committed,  2 nodes.
      Class space:        1.00 GB reserved,       9.38 MB ( <1%) committed,  1 nodes.
             Both:        1.12 GB reserved,      86.19 MB (  7%) committed. 

Chunk freelists:
   Non-Class:  2.60 MB
       Class:  6.63 MB
        Both:  9.22 MB

MaxMetaspaceSize: unlimited
CompressedClassSpaceSize: 1.00 GB
Initial GC threshold: 21.00 MB
Current GC threshold: 133.69 MB
CDS: on
 - commit_granule_bytes: 65536.
 - commit_granule_words: 8192.
 - virtual_space_node_default_size: 8388608.
 - enlarge_chunks_in_place: 1.
 - use_allocation_guard: 0.


Internal statistics:

num_allocs_failed_limit: 9.
num_arena_births: 1736.
num_arena_deaths: 30.
num_vsnodes_births: 3.
num_vsnodes_deaths: 0.
num_space_committed: 1379.
num_space_uncommitted: 0.
num_chunks_returned_to_freelist: 45.
num_chunks_taken_from_freelist: 6031.
num_chunk_merges: 16.
num_chunk_splits: 3716.
num_chunks_enlarged: 2122.
num_inconsistent_stats: 0.

CodeHeap 'non-profiled nmethods': size=120000Kb used=19928Kb max_used=19928Kb free=100071Kb
 bounds [0x000001e319000000, 0x000001e31a380000, 0x000001e320530000]
CodeHeap 'profiled nmethods': size=120000Kb used=51216Kb max_used=51216Kb free=68783Kb
 bounds [0x000001e311530000, 0x000001e314740000, 0x000001e318a60000]
CodeHeap 'non-nmethods': size=5760Kb used=1480Kb max_used=1555Kb free=4279Kb
 bounds [0x000001e318a60000, 0x000001e318cd0000, 0x000001e319000000]
CodeCache: size=245760Kb, used=72624Kb, max_used=72699Kb, free=173133Kb
 total_blobs=21058, nmethods=20259, adapters=702, full_count=0
Compilation: enabled, stopped_count=0, restarted_count=0

Compilation events (20 events):
Event: 3698.789 Thread 0x000001e30e3db9b0 22299       4       java.util.concurrent.locks.AbstractQueuedSynchronizer$Node::clearStatus (12 bytes)
Event: 3698.790 Thread 0x000001e30e3db9b0 nmethod 22299 0x000001e31a374f90 code [0x000001e31a375120, 0x000001e31a3751b0]
Event: 3818.809 Thread 0x000001e3671a1ea0 22300       3       java.lang.ref.ReferenceQueue::await (15 bytes)
Event: 3818.810 Thread 0x000001e3671a1ea0 nmethod 22300 0x000001e314732410 code [0x000001e3147325c0, 0x000001e314732760]
Event: 3848.817 Thread 0x000001e3671a1ea0 22301       1       com.sun.jna.internal.Cleaner::access$200 (5 bytes)
Event: 3848.819 Thread 0x000001e3671a1ea0 nmethod 22301 0x000001e31a375290 code [0x000001e31a375420, 0x000001e31a3754d0]
Event: 3906.355 Thread 0x000001e3671a1ea0 22302       3       org.eclipse.core.internal.jobs.JobManager::scheduleInternal (149 bytes)
Event: 3906.367 Thread 0x000001e3671a1ea0 nmethod 22302 0x000001e314732890 code [0x000001e314732b80, 0x000001e3147338c0]
Event: 4031.031 Thread 0x000001e3671a1ea0 22303       3       java.lang.ProcessHandleImpl::get (51 bytes)
Event: 4031.040 Thread 0x000001e3671a1ea0 nmethod 22303 0x000001e314733d10 code [0x000001e314733f20, 0x000001e314734528]
Event: 4031.040 Thread 0x000001e3671a1ea0 22304       3       java.lang.ProcessHandleImpl::isAlive (44 bytes)
Event: 4031.040 Thread 0x000001e3671a1ea0 nmethod 22304 0x000001e314734790 code [0x000001e314734940, 0x000001e314734ba0]
Event: 4049.753 Thread 0x000001e30e3db9b0 22305       4       org.eclipse.core.filesystem.provider.FileInfo::exists (7 bytes)
Event: 4049.759 Thread 0x000001e30e3db9b0 nmethod 22305 0x000001e31a375590 code [0x000001e31a375720, 0x000001e31a3757b8]
Event: 4143.796 Thread 0x000001e30e3db9b0 22306       4       java.util.concurrent.ThreadPoolExecutor::beforeExecute (1 bytes)
Event: 4143.797 Thread 0x000001e30e3db9b0 nmethod 22306 0x000001e31a375890 code [0x000001e31a375a20, 0x000001e31a375aa8]
Event: 4271.290 Thread 0x000001e30e3db9b0 22307       4       java.util.concurrent.ThreadPoolExecutor::afterExecute (1 bytes)
Event: 4271.291 Thread 0x000001e30e3db9b0 nmethod 22307 0x000001e31a375b90 code [0x000001e31a375d20, 0x000001e31a375da8]
Event: 4413.880 Thread 0x000001e30e3db9b0 22308       4       java.util.concurrent.locks.AbstractQueuedSynchronizer$Node::setStatusRelaxed (12 bytes)
Event: 4413.881 Thread 0x000001e30e3db9b0 nmethod 22308 0x000001e31a375e90 code [0x000001e31a376020, 0x000001e31a3760b0]

GC Heap History (20 events):
Event: 2010.709 GC heap before
{Heap before GC invocations=984 (full 4):
 PSYoungGen      total 6144K, used 5536K [0x00000000d5580000, 0x00000000d5c00000, 0x0000000100000000)
  eden space 5120K, 100% used [0x00000000d5580000,0x00000000d5a80000,0x00000000d5a80000)
  from space 1024K, 40% used [0x00000000d5a80000,0x00000000d5ae8000,0x00000000d5b80000)
  to   space 512K, 0% used [0x00000000d5b80000,0x00000000d5b80000,0x00000000d5c00000)
 ParOldGen       total 605184K, used 604926K [0x0000000080000000, 0x00000000a4f00000, 0x00000000d5580000)
  object space 605184K, 99% used [0x0000000080000000,0x00000000a4ebfad8,0x00000000a4f00000)
 Metaspace       used 86203K, committed 88128K, reserved 1179648K
  class space    used 8733K, committed 9600K, reserved 1048576K
}
Event: 2010.711 GC heap after
{Heap after GC invocations=984 (full 4):
 PSYoungGen      total 5120K, used 500K [0x00000000d5580000, 0x00000000d5d80000, 0x0000000100000000)
  eden space 4608K, 0% used [0x00000000d5580000,0x00000000d5580000,0x00000000d5a00000)
  from space 512K, 97% used [0x00000000d5b80000,0x00000000d5bfd200,0x00000000d5c00000)
  to   space 1536K, 0% used [0x00000000d5a00000,0x00000000d5a00000,0x00000000d5b80000)
 ParOldGen       total 605696K, used 605468K [0x0000000080000000, 0x00000000a4f80000, 0x00000000d5580000)
  object space 605696K, 99% used [0x0000000080000000,0x00000000a4f47268,0x00000000a4f80000)
 Metaspace       used 86203K, committed 88128K, reserved 1179648K
  class space    used 8733K, committed 9600K, reserved 1048576K
}
Event: 2010.716 GC heap before
{Heap before GC invocations=985 (full 4):
 PSYoungGen      total 5120K, used 5108K [0x00000000d5580000, 0x00000000d5d80000, 0x0000000100000000)
  eden space 4608K, 100% used [0x00000000d5580000,0x00000000d5a00000,0x00000000d5a00000)
  from space 512K, 97% used [0x00000000d5b80000,0x00000000d5bfd200,0x00000000d5c00000)
  to   space 1536K, 0% used [0x00000000d5a00000,0x00000000d5a00000,0x00000000d5b80000)
 ParOldGen       total 605696K, used 605468K [0x0000000080000000, 0x00000000a4f80000, 0x00000000d5580000)
  object space 605696K, 99% used [0x0000000080000000,0x00000000a4f47268,0x00000000a4f80000)
 Metaspace       used 86203K, committed 88128K, reserved 1179648K
  class space    used 8733K, committed 9600K, reserved 1048576K
}
Event: 2010.717 GC heap after
{Heap after GC invocations=985 (full 4):
 PSYoungGen      total 5120K, used 448K [0x00000000d5580000, 0x00000000d5c00000, 0x0000000100000000)
  eden space 4608K, 0% used [0x00000000d5580000,0x00000000d5580000,0x00000000d5a00000)
  from space 512K, 87% used [0x00000000d5a00000,0x00000000d5a70000,0x00000000d5a80000)
  to   space 1024K, 0% used [0x00000000d5b00000,0x00000000d5b00000,0x00000000d5c00000)
 ParOldGen       total 606208K, used 605985K [0x0000000080000000, 0x00000000a5000000, 0x00000000d5580000)
  object space 606208K, 99% used [0x0000000080000000,0x00000000a4fc8468,0x00000000a5000000)
 Metaspace       used 86203K, committed 88128K, reserved 1179648K
  class space    used 8733K, committed 9600K, reserved 1048576K
}
Event: 2337.500 GC heap before
{Heap before GC invocations=986 (full 4):
 PSYoungGen      total 5120K, used 5056K [0x00000000d5580000, 0x00000000d5c00000, 0x0000000100000000)
  eden space 4608K, 100% used [0x00000000d5580000,0x00000000d5a00000,0x00000000d5a00000)
  from space 512K, 87% used [0x00000000d5a00000,0x00000000d5a70000,0x00000000d5a80000)
  to   space 1024K, 0% used [0x00000000d5b00000,0x00000000d5b00000,0x00000000d5c00000)
 ParOldGen       total 606208K, used 605985K [0x0000000080000000, 0x00000000a5000000, 0x00000000d5580000)
  object space 606208K, 99% used [0x0000000080000000,0x00000000a4fc8468,0x00000000a5000000)
 Metaspace       used 86217K, committed 88128K, reserved 1179648K
  class space    used 8733K, committed 9600K, reserved 1048576K
}
Event: 2337.501 GC heap after
{Heap after GC invocations=986 (full 4):
 PSYoungGen      total 5632K, used 544K [0x00000000d5580000, 0x00000000d5c00000, 0x0000000100000000)
  eden space 4608K, 0% used [0x00000000d5580000,0x00000000d5580000,0x00000000d5a00000)
  from space 1024K, 53% used [0x00000000d5b00000,0x00000000d5b88000,0x00000000d5c00000)
  to   space 1024K, 0% used [0x00000000d5a00000,0x00000000d5a00000,0x00000000d5b00000)
 ParOldGen       total 606720K, used 606249K [0x0000000080000000, 0x00000000a5080000, 0x00000000d5580000)
  object space 606720K, 99% used [0x0000000080000000,0x00000000a500a468,0x00000000a5080000)
 Metaspace       used 86217K, committed 88128K, reserved 1179648K
  class space    used 8733K, committed 9600K, reserved 1048576K
}
Event: 2337.519 GC heap before
{Heap before GC invocations=987 (full 4):
 PSYoungGen      total 5632K, used 5152K [0x00000000d5580000, 0x00000000d5c00000, 0x0000000100000000)
  eden space 4608K, 100% used [0x00000000d5580000,0x00000000d5a00000,0x00000000d5a00000)
  from space 1024K, 53% used [0x00000000d5b00000,0x00000000d5b88000,0x00000000d5c00000)
  to   space 1024K, 0% used [0x00000000d5a00000,0x00000000d5a00000,0x00000000d5b00000)
 ParOldGen       total 606720K, used 606249K [0x0000000080000000, 0x00000000a5080000, 0x00000000d5580000)
  object space 606720K, 99% used [0x0000000080000000,0x00000000a500a468,0x00000000a5080000)
 Metaspace       used 86219K, committed 88128K, reserved 1179648K
  class space    used 8733K, committed 9600K, reserved 1048576K
}
Event: 2337.520 GC heap after
{Heap after GC invocations=987 (full 4):
 PSYoungGen      total 5632K, used 128K [0x00000000d5580000, 0x00000000d5b80000, 0x0000000100000000)
  eden space 4608K, 0% used [0x00000000d5580000,0x00000000d5580000,0x00000000d5a00000)
  from space 1024K, 12% used [0x00000000d5a00000,0x00000000d5a20000,0x00000000d5b00000)
  to   space 512K, 0% used [0x00000000d5b00000,0x00000000d5b00000,0x00000000d5b80000)
 ParOldGen       total 606720K, used 606694K [0x0000000080000000, 0x00000000a5080000, 0x00000000d5580000)
  object space 606720K, 99% used [0x0000000080000000,0x00000000a5079be8,0x00000000a5080000)
 Metaspace       used 86219K, committed 88128K, reserved 1179648K
  class space    used 8733K, committed 9600K, reserved 1048576K
}
Event: 2337.568 GC heap before
{Heap before GC invocations=988 (full 4):
 PSYoungGen      total 5632K, used 4736K [0x00000000d5580000, 0x00000000d5b80000, 0x0000000100000000)
  eden space 4608K, 100% used [0x00000000d5580000,0x00000000d5a00000,0x00000000d5a00000)
  from space 1024K, 12% used [0x00000000d5a00000,0x00000000d5a20000,0x00000000d5b00000)
  to   space 512K, 0% used [0x00000000d5b00000,0x00000000d5b00000,0x00000000d5b80000)
 ParOldGen       total 606720K, used 606694K [0x0000000080000000, 0x00000000a5080000, 0x00000000d5580000)
  object space 606720K, 99% used [0x0000000080000000,0x00000000a5079be8,0x00000000a5080000)
 Metaspace       used 86231K, committed 88128K, reserved 1179648K
  class space    used 8734K, committed 9600K, reserved 1048576K
}
Event: 2337.569 GC heap after
{Heap after GC invocations=988 (full 4):
 PSYoungGen      total 5120K, used 320K [0x00000000d5580000, 0x00000000d5b80000, 0x0000000100000000)
  eden space 4608K, 0% used [0x00000000d5580000,0x00000000d5580000,0x00000000d5a00000)
  from space 512K, 62% used [0x00000000d5b00000,0x00000000d5b50000,0x00000000d5b80000)
  to   space 512K, 0% used [0x00000000d5a80000,0x00000000d5a80000,0x00000000d5b00000)
 ParOldGen       total 607232K, used 606742K [0x0000000080000000, 0x00000000a5100000, 0x00000000d5580000)
  object space 607232K, 99% used [0x0000000080000000,0x00000000a5085be8,0x00000000a5100000)
 Metaspace       used 86231K, committed 88128K, reserved 1179648K
  class space    used 8734K, committed 9600K, reserved 1048576K
}
Event: 2351.266 GC heap before
{Heap before GC invocations=989 (full 4):
 PSYoungGen      total 5120K, used 4928K [0x00000000d5580000, 0x00000000d5b80000, 0x0000000100000000)
  eden space 4608K, 100% used [0x00000000d5580000,0x00000000d5a00000,0x00000000d5a00000)
  from space 512K, 62% used [0x00000000d5b00000,0x00000000d5b50000,0x00000000d5b80000)
  to   space 512K, 0% used [0x00000000d5a80000,0x00000000d5a80000,0x00000000d5b00000)
 ParOldGen       total 607232K, used 606742K [0x0000000080000000, 0x00000000a5100000, 0x00000000d5580000)
  object space 607232K, 99% used [0x0000000080000000,0x00000000a5085be8,0x00000000a5100000)
 Metaspace       used 86237K, committed 88128K, reserved 1179648K
  class space    used 8734K, committed 9600K, reserved 1048576K
}
Event: 2351.268 GC heap after
{Heap after GC invocations=989 (full 4):
 PSYoungGen      total 5120K, used 480K [0x00000000d5580000, 0x00000000d5c00000, 0x0000000100000000)
  eden space 4608K, 0% used [0x00000000d5580000,0x00000000d5580000,0x00000000d5a00000)
  from space 512K, 93% used [0x00000000d5a80000,0x00000000d5af8020,0x00000000d5b00000)
  to   space 1024K, 0% used [0x00000000d5b00000,0x00000000d5b00000,0x00000000d5c00000)
 ParOldGen       total 607232K, used 606814K [0x0000000080000000, 0x00000000a5100000, 0x00000000d5580000)
  object space 607232K, 99% used [0x0000000080000000,0x00000000a5097be8,0x00000000a5100000)
 Metaspace       used 86237K, committed 88128K, reserved 1179648K
  class space    used 8734K, committed 9600K, reserved 1048576K
}
Event: 2840.140 GC heap before
{Heap before GC invocations=990 (full 4):
 PSYoungGen      total 5120K, used 5088K [0x00000000d5580000, 0x00000000d5c00000, 0x0000000100000000)
  eden space 4608K, 100% used [0x00000000d5580000,0x00000000d5a00000,0x00000000d5a00000)
  from space 512K, 93% used [0x00000000d5a80000,0x00000000d5af8020,0x00000000d5b00000)
  to   space 1024K, 0% used [0x00000000d5b00000,0x00000000d5b00000,0x00000000d5c00000)
 ParOldGen       total 607232K, used 606814K [0x0000000080000000, 0x00000000a5100000, 0x00000000d5580000)
  object space 607232K, 99% used [0x0000000080000000,0x00000000a5097be8,0x00000000a5100000)
 Metaspace       used 86258K, committed 88192K, reserved 1179648K
  class space    used 8734K, committed 9600K, reserved 1048576K
}
Event: 2840.142 GC heap after
{Heap after GC invocations=990 (full 4):
 PSYoungGen      total 5120K, used 256K [0x00000000d5580000, 0x00000000d5b80000, 0x0000000100000000)
  eden space 4608K, 0% used [0x00000000d5580000,0x00000000d5580000,0x00000000d5a00000)
  from space 512K, 50% used [0x00000000d5b00000,0x00000000d5b40000,0x00000000d5b80000)
  to   space 512K, 0% used [0x00000000d5a80000,0x00000000d5a80000,0x00000000d5b00000)
 ParOldGen       total 607232K, used 606959K [0x0000000080000000, 0x00000000a5100000, 0x00000000d5580000)
  object space 607232K, 99% used [0x0000000080000000,0x00000000a50bbc18,0x00000000a5100000)
 Metaspace       used 86258K, committed 88192K, reserved 1179648K
  class space    used 8734K, committed 9600K, reserved 1048576K
}
Event: 3140.100 GC heap before
{Heap before GC invocations=991 (full 4):
 PSYoungGen      total 5120K, used 4863K [0x00000000d5580000, 0x00000000d5b80000, 0x0000000100000000)
  eden space 4608K, 99% used [0x00000000d5580000,0x00000000d59ffff0,0x00000000d5a00000)
  from space 512K, 50% used [0x00000000d5b00000,0x00000000d5b40000,0x00000000d5b80000)
  to   space 512K, 0% used [0x00000000d5a80000,0x00000000d5a80000,0x00000000d5b00000)
 ParOldGen       total 607232K, used 606959K [0x0000000080000000, 0x00000000a5100000, 0x00000000d5580000)
  object space 607232K, 99% used [0x0000000080000000,0x00000000a50bbc18,0x00000000a5100000)
 Metaspace       used 86271K, committed 88256K, reserved 1179648K
  class space    used 8734K, committed 9600K, reserved 1048576K
}
Event: 3140.119 GC heap after
{Heap after GC invocations=991 (full 4):
 PSYoungGen      total 5120K, used 288K [0x00000000d5580000, 0x00000000d5b80000, 0x0000000100000000)
  eden space 4608K, 0% used [0x00000000d5580000,0x00000000d5580000,0x00000000d5a00000)
  from space 512K, 56% used [0x00000000d5a80000,0x00000000d5ac8000,0x00000000d5b00000)
  to   space 512K, 0% used [0x00000000d5b00000,0x00000000d5b00000,0x00000000d5b80000)
 ParOldGen       total 607232K, used 607007K [0x0000000080000000, 0x00000000a5100000, 0x00000000d5580000)
  object space 607232K, 99% used [0x0000000080000000,0x00000000a50c7c18,0x00000000a5100000)
 Metaspace       used 86271K, committed 88256K, reserved 1179648K
  class space    used 8734K, committed 9600K, reserved 1048576K
}
Event: 3170.715 GC heap before
{Heap before GC invocations=992 (full 4):
 PSYoungGen      total 5120K, used 4896K [0x00000000d5580000, 0x00000000d5b80000, 0x0000000100000000)
  eden space 4608K, 100% used [0x00000000d5580000,0x00000000d5a00000,0x00000000d5a00000)
  from space 512K, 56% used [0x00000000d5a80000,0x00000000d5ac8000,0x00000000d5b00000)
  to   space 512K, 0% used [0x00000000d5b00000,0x00000000d5b00000,0x00000000d5b80000)
 ParOldGen       total 607232K, used 607007K [0x0000000080000000, 0x00000000a5100000, 0x00000000d5580000)
  object space 607232K, 99% used [0x0000000080000000,0x00000000a50c7c18,0x00000000a5100000)
 Metaspace       used 86278K, committed 88256K, reserved 1179648K
  class space    used 8734K, committed 9600K, reserved 1048576K
}
Event: 3170.718 GC heap after
{Heap after GC invocations=992 (full 4):
 PSYoungGen      total 5120K, used 416K [0x00000000d5580000, 0x00000000d5b80000, 0x0000000100000000)
  eden space 4608K, 0% used [0x00000000d5580000,0x00000000d5580000,0x00000000d5a00000)
  from space 512K, 81% used [0x00000000d5b00000,0x00000000d5b68000,0x00000000d5b80000)
  to   space 512K, 0% used [0x00000000d5a80000,0x00000000d5a80000,0x00000000d5b00000)
 ParOldGen       total 607232K, used 607063K [0x0000000080000000, 0x00000000a5100000, 0x00000000d5580000)
  object space 607232K, 99% used [0x0000000080000000,0x00000000a50d5c18,0x00000000a5100000)
 Metaspace       used 86278K, committed 88256K, reserved 1179648K
  class space    used 8734K, committed 9600K, reserved 1048576K
}
Event: 3186.529 GC heap before
{Heap before GC invocations=993 (full 4):
 PSYoungGen      total 5120K, used 5024K [0x00000000d5580000, 0x00000000d5b80000, 0x0000000100000000)
  eden space 4608K, 100% used [0x00000000d5580000,0x00000000d5a00000,0x00000000d5a00000)
  from space 512K, 81% used [0x00000000d5b00000,0x00000000d5b68000,0x00000000d5b80000)
  to   space 512K, 0% used [0x00000000d5a80000,0x00000000d5a80000,0x00000000d5b00000)
 ParOldGen       total 607232K, used 607063K [0x0000000080000000, 0x00000000a5100000, 0x00000000d5580000)
  object space 607232K, 99% used [0x0000000080000000,0x00000000a50d5c18,0x00000000a5100000)
 Metaspace       used 86286K, committed 88256K, reserved 1179648K
  class space    used 8734K, committed 9600K, reserved 1048576K
}
Event: 3186.532 GC heap after
{Heap after GC invocations=993 (full 4):
 PSYoungGen      total 5120K, used 384K [0x00000000d5580000, 0x00000000d5b80000, 0x0000000100000000)
  eden space 4608K, 0% used [0x00000000d5580000,0x00000000d5580000,0x00000000d5a00000)
  from space 512K, 75% used [0x00000000d5a80000,0x00000000d5ae0000,0x00000000d5b00000)
  to   space 512K, 0% used [0x00000000d5b00000,0x00000000d5b00000,0x00000000d5b80000)
 ParOldGen       total 607232K, used 607111K [0x0000000080000000, 0x00000000a5100000, 0x00000000d5580000)
  object space 607232K, 99% used [0x0000000080000000,0x00000000a50e1c18,0x00000000a5100000)
 Metaspace       used 86286K, committed 88256K, reserved 1179648K
  class space    used 8734K, committed 9600K, reserved 1048576K
}

Dll operation events (10 events):
Event: 0.482 Loaded shared library c:\Users\felip\.antigravity\extensions\redhat.java-1.54.0-win32-x64\jre\21.0.10-win32-x86_64\bin\java.dll
Event: 0.774 Loaded shared library c:\Users\felip\.antigravity\extensions\redhat.java-1.54.0-win32-x64\jre\21.0.10-win32-x86_64\bin\zip.dll
Event: 0.807 Loaded shared library C:\Users\felip\.antigravity\extensions\redhat.java-1.54.0-win32-x64\jre\21.0.10-win32-x86_64\bin\instrument.dll
Event: 0.930 Loaded shared library C:\Users\felip\.antigravity\extensions\redhat.java-1.54.0-win32-x64\jre\21.0.10-win32-x86_64\bin\net.dll
Event: 1.048 Loaded shared library C:\Users\felip\.antigravity\extensions\redhat.java-1.54.0-win32-x64\jre\21.0.10-win32-x86_64\bin\nio.dll
Event: 1.053 Loaded shared library C:\Users\felip\.antigravity\extensions\redhat.java-1.54.0-win32-x64\jre\21.0.10-win32-x86_64\bin\zip.dll
Event: 1.087 Loaded shared library C:\Users\felip\.antigravity\extensions\redhat.java-1.54.0-win32-x64\jre\21.0.10-win32-x86_64\bin\jimage.dll
Event: 1.308 Loaded shared library c:\Users\felip\.antigravity\extensions\redhat.java-1.54.0-win32-x64\jre\21.0.10-win32-x86_64\bin\verify.dll
Event: 3.083 Loaded shared library C:\Users\felip\AppData\Roaming\Antigravity\User\globalStorage\redhat.java\1.54.0\config_win\org.eclipse.equinox.launcher\org.eclipse.equinox.launcher.win32.win32.x86_64_1.3.0.v20260203-2149\eclipse_11919.dll
Event: 6.219 Loaded shared library C:\Users\felip\AppData\Local\Temp\jna-97315188\jna7196800887124043273.dll

Deoptimization events (20 events):
Event: 2010.685 Thread 0x000001e36edc6a70 Uncommon trap: trap_request=0xffffffbe fr.pc=0x000001e31a2f9f58 relative=0x00000000000001b8
Event: 2010.685 Thread 0x000001e36edc6a70 Uncommon trap: reason=profile_predicate action=maybe_recompile pc=0x000001e31a2f9f58 method=org.eclipse.jdt.internal.compiler.util.SimpleSetOfCharArray.asArray([Ljava/lang/Object;)V @ 61 c2
Event: 2010.685 Thread 0x000001e36edc6a70 DEOPT PACKING pc=0x000001e31a2f9f58 sp=0x000000e1678fca00
Event: 2010.685 Thread 0x000001e36edc6a70 DEOPT UNPACKING pc=0x000001e318ab3aa2 sp=0x000000e1678fc990 mode 2
Event: 2010.700 Thread 0x000001e36edc6a70 Uncommon trap: trap_request=0xffffffcc fr.pc=0x000001e31a31cac4 relative=0x00000000000043e4
Event: 2010.700 Thread 0x000001e36edc6a70 Uncommon trap: reason=intrinsic_or_type_checked_inlining action=make_not_entrant pc=0x000001e31a31cac4 method=org.eclipse.jdt.internal.compiler.lookup.BoundSet$ThreeSets.flattenInto([Lorg/eclipse/jdt/internal/compiler/lookup/TypeBound;I)I @ 30 c2
Event: 2010.700 Thread 0x000001e36edc6a70 DEOPT PACKING pc=0x000001e31a31cac4 sp=0x000000e1678fc830
Event: 2010.700 Thread 0x000001e36edc6a70 DEOPT UNPACKING pc=0x000001e318ab3aa2 sp=0x000000e1678fc6c0 mode 2
Event: 2637.577 Thread 0x000001e367510ff0 Uncommon trap: trap_request=0xffffff5c fr.pc=0x000001e31a34e4f0 relative=0x0000000000000830
Event: 2637.577 Thread 0x000001e367510ff0 Uncommon trap: reason=speculate_null_check action=make_not_entrant pc=0x000001e31a34e4f0 method=com.sun.org.apache.xerces.internal.dom.ElementImpl.getDefaultAttributes()Lcom/sun/org/apache/xerces/internal/dom/NamedNodeMapImpl; @ 12 c2
Event: 2637.577 Thread 0x000001e367510ff0 DEOPT PACKING pc=0x000001e31a34e4f0 sp=0x000000e1684fe580
Event: 2637.577 Thread 0x000001e367510ff0 DEOPT UNPACKING pc=0x000001e318ab3aa2 sp=0x000000e1684fe308 mode 2
Event: 2637.577 Thread 0x000001e367510ff0 Uncommon trap: trap_request=0xffffff5c fr.pc=0x000001e31a3500e4 relative=0x0000000000000604
Event: 2637.577 Thread 0x000001e367510ff0 Uncommon trap: reason=speculate_null_check action=make_not_entrant pc=0x000001e31a3500e4 method=com.sun.org.apache.xerces.internal.dom.ElementImpl.getDefaultAttributes()Lcom/sun/org/apache/xerces/internal/dom/NamedNodeMapImpl; @ 12 c2
Event: 2637.577 Thread 0x000001e367510ff0 DEOPT PACKING pc=0x000001e31a3500e4 sp=0x000000e1684fe4f0
Event: 2637.577 Thread 0x000001e367510ff0 DEOPT UNPACKING pc=0x000001e318ab3aa2 sp=0x000000e1684fe300 mode 2
Event: 2840.187 Thread 0x000001e36f3ae7f0 Uncommon trap: trap_request=0xffffff6e fr.pc=0x000001e31a351904 relative=0x0000000000000624
Event: 2840.187 Thread 0x000001e36f3ae7f0 Uncommon trap: reason=loop_limit_check action=maybe_recompile pc=0x000001e31a351904 method=org.codehaus.plexus.util.SelectorUtils.matchAntPathPattern([[C[[CZ)Z @ 231 c2
Event: 2840.187 Thread 0x000001e36f3ae7f0 DEOPT PACKING pc=0x000001e31a351904 sp=0x000000e163efd9a0
Event: 2840.187 Thread 0x000001e36f3ae7f0 DEOPT UNPACKING pc=0x000001e318ab3aa2 sp=0x000000e163efd8f0 mode 2

Classes loaded (20 events):
Event: 1429.372 Loading class org/xml/sax/SAXNotRecognizedException
Event: 1429.372 Loading class org/xml/sax/SAXNotRecognizedException done
Event: 1429.372 Loading class org/xml/sax/SAXNotSupportedException
Event: 1429.372 Loading class org/xml/sax/SAXNotSupportedException done
Event: 1429.373 Loading class com/sun/org/apache/xerces/internal/util/URI
Event: 1429.382 Loading class com/sun/org/apache/xerces/internal/util/URI done
Event: 1429.383 Loading class com/sun/org/apache/xerces/internal/xni/XNIException
Event: 1429.383 Loading class com/sun/org/apache/xerces/internal/xni/XNIException done
Event: 1429.386 Loading class com/sun/org/apache/xerces/internal/xni/parser/XMLParseException
Event: 1429.386 Loading class com/sun/org/apache/xerces/internal/xni/parser/XMLParseException done
Event: 1430.288 Loading class jdk/internal/module/IllegalAccessLogger
Event: 1430.288 Loading class jdk/internal/module/IllegalAccessLogger done
Event: 1432.303 Loading class javax/xml/transform/TransformerConfigurationException
Event: 1432.303 Loading class javax/xml/transform/TransformerConfigurationException done
Event: 1434.075 Loading class jdk/internal/module/IllegalAccessLogger
Event: 1434.075 Loading class jdk/internal/module/IllegalAccessLogger done
Event: 1446.716 Loading class jdk/internal/module/IllegalAccessLogger
Event: 1446.716 Loading class jdk/internal/module/IllegalAccessLogger done
Event: 1450.171 Loading class jdk/internal/module/IllegalAccessLogger
Event: 1450.171 Loading class jdk/internal/module/IllegalAccessLogger done

Classes unloaded (15 events):
Event: 6.740 Thread 0x000001e30e3cfa60 Unloading class 0x000001e3261ab400 'java/lang/invoke/LambdaForm$MH+0x000001e3261ab400'
Event: 6.740 Thread 0x000001e30e3cfa60 Unloading class 0x000001e3261ab000 'java/lang/invoke/LambdaForm$MH+0x000001e3261ab000'
Event: 6.740 Thread 0x000001e30e3cfa60 Unloading class 0x000001e3261aac00 'java/lang/invoke/LambdaForm$MH+0x000001e3261aac00'
Event: 6.740 Thread 0x000001e30e3cfa60 Unloading class 0x000001e3261aa800 'java/lang/invoke/LambdaForm$MH+0x000001e3261aa800'
Event: 6.740 Thread 0x000001e30e3cfa60 Unloading class 0x000001e3261aa400 'java/lang/invoke/LambdaForm$BMH+0x000001e3261aa400'
Event: 6.740 Thread 0x000001e30e3cfa60 Unloading class 0x000001e3261aa000 'java/lang/invoke/LambdaForm$DMH+0x000001e3261aa000'
Event: 6.740 Thread 0x000001e30e3cfa60 Unloading class 0x000001e3261a8c00 'java/lang/invoke/LambdaForm$DMH+0x000001e3261a8c00'
Event: 15.473 Thread 0x000001e30e3cfa60 Unloading class 0x000001e3265f9c00 'java/lang/invoke/LambdaForm$DMH+0x000001e3265f9c00'
Event: 15.473 Thread 0x000001e30e3cfa60 Unloading class 0x000001e3265f9800 'java/lang/invoke/LambdaForm$DMH+0x000001e3265f9800'
Event: 15.473 Thread 0x000001e30e3cfa60 Unloading class 0x000001e3265f9400 'java/lang/invoke/LambdaForm$DMH+0x000001e3265f9400'
Event: 15.473 Thread 0x000001e30e3cfa60 Unloading class 0x000001e3265f8c00 'java/lang/invoke/LambdaForm$DMH+0x000001e3265f8c00'
Event: 1023.032 Thread 0x000001e30e3cfa60 Unloading class 0x000001e326730800 'java/lang/invoke/LambdaForm$MH+0x000001e326730800'
Event: 1023.032 Thread 0x000001e30e3cfa60 Unloading class 0x000001e326730000 'java/lang/invoke/LambdaForm$MH+0x000001e326730000'
Event: 1023.032 Thread 0x000001e30e3cfa60 Unloading class 0x000001e32672d800 'java/lang/invoke/LambdaForm$MH+0x000001e32672d800'
Event: 1023.032 Thread 0x000001e30e3cfa60 Unloading class 0x000001e32672d000 'java/lang/invoke/LambdaForm$MH+0x000001e32672d000'

Classes redefined (0 events):
No events

Internal exceptions (20 events):
Event: 1450.535 Thread 0x000001e37b002630 Exception <a 'sun/nio/fs/WindowsException'{0x00000000d55ff960}> (0x00000000d55ff960) 
thrown [s\src\hotspot\share\prims\jni.cpp, line 520]
Event: 1450.537 Thread 0x000001e37b002630 Exception <a 'sun/nio/fs/WindowsException'{0x00000000d5601750}> (0x00000000d5601750) 
thrown [s\src\hotspot\share\prims\jni.cpp, line 520]
Event: 1450.539 Thread 0x000001e37b002630 Exception <a 'sun/nio/fs/WindowsException'{0x00000000d56030f8}> (0x00000000d56030f8) 
thrown [s\src\hotspot\share\prims\jni.cpp, line 520]
Event: 1450.873 Thread 0x000001e36d439360 Exception <a 'sun/nio/fs/WindowsException'{0x00000000d55d86a8}> (0x00000000d55d86a8) 
thrown [s\src\hotspot\share\prims\jni.cpp, line 520]
Event: 1729.438 Thread 0x000001e367510ff0 Exception <a 'sun/nio/fs/WindowsException'{0x00000000d5a06c48}> (0x00000000d5a06c48) 
thrown [s\src\hotspot\share\prims\jni.cpp, line 520]
Event: 1729.438 Thread 0x000001e367510ff0 Exception <a 'sun/nio/fs/WindowsException'{0x00000000d5a07770}> (0x00000000d5a07770) 
thrown [s\src\hotspot\share\prims\jni.cpp, line 520]
Event: 2337.497 Thread 0x000001e367510ff0 Exception <a 'sun/nio/fs/WindowsException'{0x00000000d597c910}> (0x00000000d597c910) 
thrown [s\src\hotspot\share\prims\jni.cpp, line 520]
Event: 2337.497 Thread 0x000001e367510ff0 Exception <a 'sun/nio/fs/WindowsException'{0x00000000d597cf28}> (0x00000000d597cf28) 
thrown [s\src\hotspot\share\prims\jni.cpp, line 520]
Event: 2337.528 Thread 0x000001e367510ff0 Exception <a 'sun/nio/fs/WindowsException'{0x00000000d56bf2f0}> (0x00000000d56bf2f0) 
thrown [s\src\hotspot\share\prims\jni.cpp, line 520]
Event: 2337.528 Thread 0x000001e367510ff0 Exception <a 'sun/nio/fs/WindowsException'{0x00000000d56bfe78}> (0x00000000d56bfe78) 
thrown [s\src\hotspot\share\prims\jni.cpp, line 520]
Event: 2337.564 Thread 0x000001e367510ff0 Exception <a 'sun/nio/fs/WindowsException'{0x00000000d59c8d20}> (0x00000000d59c8d20) 
thrown [s\src\hotspot\share\prims\jni.cpp, line 520]
Event: 2351.272 Thread 0x000001e36f3ae7f0 Exception <a 'sun/nio/fs/WindowsException'{0x00000000d55bfe68}> (0x00000000d55bfe68) 
thrown [s\src\hotspot\share\prims\jni.cpp, line 520]
Event: 2637.445 Thread 0x000001e367510ff0 Exception <a 'sun/nio/fs/WindowsException'{0x00000000d5795bd8}> (0x00000000d5795bd8) 
thrown [s\src\hotspot\share\prims\jni.cpp, line 520]
Event: 2637.445 Thread 0x000001e367510ff0 Exception <a 'sun/nio/fs/WindowsException'{0x00000000d57964a0}> (0x00000000d57964a0) 
thrown [s\src\hotspot\share\prims\jni.cpp, line 520]
Event: 2840.191 Thread 0x000001e36f3ae7f0 Exception <a 'sun/nio/fs/WindowsException'{0x00000000d57f3fd8}> (0x00000000d57f3fd8) 
thrown [s\src\hotspot\share\prims\jni.cpp, line 520]
Event: 3140.079 Thread 0x000001e367510ff0 Exception <a 'sun/nio/fs/WindowsException'{0x00000000d59c9b70}> (0x00000000d59c9b70) 
thrown [s\src\hotspot\share\prims\jni.cpp, line 520]
Event: 3140.079 Thread 0x000001e367510ff0 Exception <a 'sun/nio/fs/WindowsException'{0x00000000d59ca438}> (0x00000000d59ca438) 
thrown [s\src\hotspot\share\prims\jni.cpp, line 520]
Event: 3170.731 Thread 0x000001e367510ff0 Exception <a 'sun/nio/fs/WindowsException'{0x00000000d55bc110}> (0x00000000d55bc110) 
thrown [s\src\hotspot\share\prims\jni.cpp, line 520]
Event: 3470.504 Thread 0x000001e367510ff0 Exception <a 'sun/nio/fs/WindowsException'{0x00000000d5785ff8}> (0x00000000d5785ff8) 
thrown [s\src\hotspot\share\prims\jni.cpp, line 520]
Event: 3470.504 Thread 0x000001e367510ff0 Exception <a 'sun/nio/fs/WindowsException'{0x00000000d57868c0}> (0x00000000d57868c0) 
thrown [s\src\hotspot\share\prims\jni.cpp, line 520]

ZGC Phase Switch (0 events):
No events

VM Operations (20 events):
Event: 3908.436 Executing non-safepoint VM operation: HandshakeAllThreads (HandshakeForDeflation)
Event: 3908.437 Executing non-safepoint VM operation: HandshakeAllThreads (HandshakeForDeflation) done
Event: 3908.437 Executing non-safepoint VM operation: RendezvousGCThreads
Event: 3908.437 Executing non-safepoint VM operation: RendezvousGCThreads done
Event: 3968.545 Executing non-safepoint VM operation: HandshakeAllThreads (HandshakeForDeflation)
Event: 3968.553 Executing non-safepoint VM operation: HandshakeAllThreads (HandshakeForDeflation) done
Event: 3968.553 Executing non-safepoint VM operation: RendezvousGCThreads
Event: 3968.553 Executing non-safepoint VM operation: RendezvousGCThreads done
Event: 4028.625 Executing non-safepoint VM operation: HandshakeAllThreads (HandshakeForDeflation)
Event: 4028.625 Executing non-safepoint VM operation: HandshakeAllThreads (HandshakeForDeflation) done
Event: 4028.625 Executing non-safepoint VM operation: RendezvousGCThreads
Event: 4028.625 Executing non-safepoint VM operation: RendezvousGCThreads done
Event: 4449.631 Executing non-safepoint VM operation: HandshakeAllThreads (HandshakeForDeflation)
Event: 4449.631 Executing non-safepoint VM operation: HandshakeAllThreads (HandshakeForDeflation) done
Event: 4449.631 Executing non-safepoint VM operation: RendezvousGCThreads
Event: 4449.631 Executing non-safepoint VM operation: RendezvousGCThreads done
Event: 4689.994 Executing non-safepoint VM operation: HandshakeAllThreads (HandshakeForDeflation)
Event: 4689.994 Executing non-safepoint VM operation: HandshakeAllThreads (HandshakeForDeflation) done
Event: 4689.994 Executing non-safepoint VM operation: RendezvousGCThreads
Event: 4689.994 Executing non-safepoint VM operation: RendezvousGCThreads done

Memory protections (0 events):
No events

Nmethod flushes (20 events):
Event: 1023.068 Thread 0x000001e30e3cfa60 flushing  nmethod 0x000001e312730a90
Event: 1023.068 Thread 0x000001e30e3cfa60 flushing  nmethod 0x000001e312731310
Event: 1023.068 Thread 0x000001e30e3cfa60 flushing  nmethod 0x000001e312741010
Event: 1023.068 Thread 0x000001e30e3cfa60 flushing  nmethod 0x000001e312744b90
Event: 1023.068 Thread 0x000001e30e3cfa60 flushing  nmethod 0x000001e312751490
Event: 1023.068 Thread 0x000001e30e3cfa60 flushing  nmethod 0x000001e312754e10
Event: 1023.068 Thread 0x000001e30e3cfa60 flushing  nmethod 0x000001e31277d290
Event: 1023.068 Thread 0x000001e30e3cfa60 flushing  nmethod 0x000001e31277f590
Event: 1023.068 Thread 0x000001e30e3cfa60 flushing  nmethod 0x000001e312792690
Event: 1023.068 Thread 0x000001e30e3cfa60 flushing  nmethod 0x000001e312792c10
Event: 1023.068 Thread 0x000001e30e3cfa60 flushing  nmethod 0x000001e312794310
Event: 1023.068 Thread 0x000001e30e3cfa60 flushing  nmethod 0x000001e312794810
Event: 1023.068 Thread 0x000001e30e3cfa60 flushing  nmethod 0x000001e312795090
Event: 1023.068 Thread 0x000001e30e3cfa60 flushing  nmethod 0x000001e31279e390
Event: 1023.068 Thread 0x000001e30e3cfa60 flushing  nmethod 0x000001e31279ee90
Event: 1023.068 Thread 0x000001e30e3cfa60 flushing  nmethod 0x000001e3127a1790
Event: 1023.068 Thread 0x000001e30e3cfa60 flushing  nmethod 0x000001e3127bdc10
Event: 1023.068 Thread 0x000001e30e3cfa60 flushing osr nmethod 0x000001e3127e4e90
Event: 1023.068 Thread 0x000001e30e3cfa60 flushing  nmethod 0x000001e3127fad10
Event: 1023.068 Thread 0x000001e30e3cfa60 flushing  nmethod 0x000001e312817b10

Events (20 events):
Event: 2637.446 Thread 0x000001e36f3aee80 Thread added: 0x000001e36f3af510
Event: 2637.446 Thread 0x000001e36f3af510 Thread exited: 0x000001e36f3af510
Event: 2637.446 Thread 0x000001e36f3b0230 Thread exited: 0x000001e36f3b0230
Event: 2637.446 Thread 0x000001e36f3aee80 Thread exited: 0x000001e36f3aee80
Event: 3140.067 Thread 0x000001e367510ff0 Thread added: 0x000001e36f3ad440
Event: 3140.071 Thread 0x000001e36f3ad440 Thread exited: 0x000001e36f3ad440
Event: 3140.081 Thread 0x000001e367510ff0 Thread added: 0x000001e36f3aee80
Event: 3140.082 Thread 0x000001e36f3aee80 Thread added: 0x000001e36f3acdb0
Event: 3140.083 Thread 0x000001e36f3aee80 Thread added: 0x000001e36f3ad440
Event: 3140.083 Thread 0x000001e36f3ad440 Thread exited: 0x000001e36f3ad440
Event: 3140.084 Thread 0x000001e36f3aee80 Thread exited: 0x000001e36f3aee80
Event: 3140.084 Thread 0x000001e36f3acdb0 Thread exited: 0x000001e36f3acdb0
Event: 3470.501 Thread 0x000001e367510ff0 Thread added: 0x000001e36f3aee80
Event: 3470.501 Thread 0x000001e36f3aee80 Thread exited: 0x000001e36f3aee80
Event: 3470.505 Thread 0x000001e367510ff0 Thread added: 0x000001e36f3b0230
Event: 3470.507 Thread 0x000001e36f3b0230 Thread added: 0x000001e36f3acdb0
Event: 3470.507 Thread 0x000001e36f3b0230 Thread added: 0x000001e36f3aee80
Event: 3470.507 Thread 0x000001e36f3aee80 Thread exited: 0x000001e36f3aee80
Event: 3470.508 Thread 0x000001e36f3b0230 Thread exited: 0x000001e36f3b0230
Event: 3470.508 Thread 0x000001e36f3acdb0 Thread exited: 0x000001e36f3acdb0


Dynamic libraries:
0x00007ff7848b0000 - 0x00007ff7848be000 	c:\Users\felip\.antigravity\extensions\redhat.java-1.54.0-win32-x64\jre\21.0.10-win32-x86_64\bin\java.exe
0x00007ffe44ca0000 - 0x00007ffe44f07000 	C:\WINDOWS\SYSTEM32\ntdll.dll
0x00007ffe43c00000 - 0x00007ffe43cc9000 	C:\WINDOWS\System32\KERNEL32.DLL
0x00007ffe41b30000 - 0x00007ffe41f24000 	C:\WINDOWS\System32\KERNELBASE.dll
0x00007ffe41920000 - 0x00007ffe41a6b000 	C:\WINDOWS\System32\ucrtbase.dll
0x00007ffe03890000 - 0x00007ffe038ae000 	c:\Users\felip\.antigravity\extensions\redhat.java-1.54.0-win32-x64\jre\21.0.10-win32-x86_64\bin\VCRUNTIME140.dll
0x00007ffe04670000 - 0x00007ffe04688000 	c:\Users\felip\.antigravity\extensions\redhat.java-1.54.0-win32-x64\jre\21.0.10-win32-x86_64\bin\jli.dll
0x00007ffe42a50000 - 0x00007ffe42c15000 	C:\WINDOWS\System32\USER32.dll
0x00007ffe2a660000 - 0x00007ffe2a8f3000 	C:\WINDOWS\WinSxS\amd64_microsoft.windows.common-controls_6595b64144ccf1df_6.0.26100.8115_none_3e075c82e3354f9c\COMCTL32.dll
0x00007ffe418f0000 - 0x00007ffe41917000 	C:\WINDOWS\System32\win32u.dll
0x00007ffe436b0000 - 0x00007ffe436db000 	C:\WINDOWS\System32\GDI32.dll
0x00007ffe43570000 - 0x00007ffe43619000 	C:\WINDOWS\System32\msvcrt.dll
0x00007ffe42850000 - 0x00007ffe4297b000 	C:\WINDOWS\System32\gdi32full.dll
0x00007ffe41f30000 - 0x00007ffe41fd3000 	C:\WINDOWS\System32\msvcp_win.dll
0x00007ffe42c20000 - 0x00007ffe42c52000 	C:\WINDOWS\System32\IMM32.DLL
0x00007ffe2e840000 - 0x00007ffe2e84c000 	c:\Users\felip\.antigravity\extensions\redhat.java-1.54.0-win32-x64\jre\21.0.10-win32-x86_64\bin\vcruntime140_1.dll
0x00007ffdd2290000 - 0x00007ffdd231d000 	c:\Users\felip\.antigravity\extensions\redhat.java-1.54.0-win32-x64\jre\21.0.10-win32-x86_64\bin\msvcp140.dll
0x00007ffdbbf00000 - 0x00007ffdbcca1000 	c:\Users\felip\.antigravity\extensions\redhat.java-1.54.0-win32-x64\jre\21.0.10-win32-x86_64\bin\server\jvm.dll
0x00007ffe43b40000 - 0x00007ffe43bf6000 	C:\WINDOWS\System32\ADVAPI32.dll
0x00007ffe44b30000 - 0x00007ffe44bd7000 	C:\WINDOWS\System32\sechost.dll
0x00007ffe43cd0000 - 0x00007ffe43de8000 	C:\WINDOWS\System32\RPCRT4.dll
0x00007ffe43ab0000 - 0x00007ffe43b30000 	C:\WINDOWS\System32\WS2_32.dll
0x00007ffe413d0000 - 0x00007ffe4142e000 	C:\WINDOWS\SYSTEM32\POWRPROF.dll
0x00007ffe3a7b0000 - 0x00007ffe3a7e6000 	C:\WINDOWS\SYSTEM32\WINMM.dll
0x00007ffe3a7f0000 - 0x00007ffe3a7fb000 	C:\WINDOWS\SYSTEM32\VERSION.dll
0x00007ffe413b0000 - 0x00007ffe413c4000 	C:\WINDOWS\SYSTEM32\UMPDC.dll
0x00007ffe40300000 - 0x00007ffe4031b000 	C:\WINDOWS\SYSTEM32\kernel.appcore.dll
0x00007ffe2ace0000 - 0x00007ffe2acea000 	c:\Users\felip\.antigravity\extensions\redhat.java-1.54.0-win32-x64\jre\21.0.10-win32-x86_64\bin\jimage.dll
0x00007ffe3ea20000 - 0x00007ffe3ec62000 	C:\WINDOWS\SYSTEM32\DBGHELP.DLL
0x00007ffe446e0000 - 0x00007ffe44a62000 	C:\WINDOWS\System32\combase.dll
0x00007ffe42ea0000 - 0x00007ffe42f78000 	C:\WINDOWS\System32\OLEAUT32.dll
0x00007ffe253a0000 - 0x00007ffe253db000 	C:\WINDOWS\SYSTEM32\dbgcore.DLL
0x00007ffe42980000 - 0x00007ffe42a25000 	C:\WINDOWS\System32\bcryptPrimitives.dll
0x00007ffe284b0000 - 0x00007ffe284bf000 	c:\Users\felip\.antigravity\extensions\redhat.java-1.54.0-win32-x64\jre\21.0.10-win32-x86_64\bin\instrument.dll
0x00007ffe029d0000 - 0x00007ffe029f0000 	c:\Users\felip\.antigravity\extensions\redhat.java-1.54.0-win32-x64\jre\21.0.10-win32-x86_64\bin\java.dll
0x00007ffe43df0000 - 0x00007ffe44557000 	C:\WINDOWS\System32\SHELL32.dll
0x00007ffe41780000 - 0x00007ffe418ea000 	C:\WINDOWS\System32\wintypes.dll
0x00007ffe41fe0000 - 0x00007ffe42848000 	C:\WINDOWS\System32\windows.storage.dll
0x00007ffe44560000 - 0x00007ffe44658000 	C:\WINDOWS\System32\SHCORE.dll
0x00007ffe42d60000 - 0x00007ffe42dc6000 	C:\WINDOWS\System32\shlwapi.dll
0x00007ffe41490000 - 0x00007ffe414b9000 	C:\WINDOWS\SYSTEM32\profapi.dll
0x00007ffe02220000 - 0x00007ffe02238000 	c:\Users\felip\.antigravity\extensions\redhat.java-1.54.0-win32-x64\jre\21.0.10-win32-x86_64\bin\zip.dll
0x00007ffe24be0000 - 0x00007ffe24bf0000 	C:\Users\felip\.antigravity\extensions\redhat.java-1.54.0-win32-x64\jre\21.0.10-win32-x86_64\bin\net.dll
0x00007ffe37e10000 - 0x00007ffe37f3d000 	C:\WINDOWS\SYSTEM32\WINHTTP.dll
0x00007ffe40870000 - 0x00007ffe408dc000 	C:\WINDOWS\system32\mswsock.dll
0x00007ffe010c0000 - 0x00007ffe010d6000 	C:\Users\felip\.antigravity\extensions\redhat.java-1.54.0-win32-x64\jre\21.0.10-win32-x86_64\bin\nio.dll
0x00007ffe14900000 - 0x00007ffe14910000 	c:\Users\felip\.antigravity\extensions\redhat.java-1.54.0-win32-x64\jre\21.0.10-win32-x86_64\bin\verify.dll
0x00007ffdcf830000 - 0x00007ffdcf875000 	C:\Users\felip\AppData\Roaming\Antigravity\User\globalStorage\redhat.java\1.54.0\config_win\org.eclipse.equinox.launcher\org.eclipse.equinox.launcher.win32.win32.x86_64_1.3.0.v20260203-2149\eclipse_11919.dll
0x00007ffe436e0000 - 0x00007ffe43877000 	C:\WINDOWS\System32\ole32.dll
0x00007ffe40b50000 - 0x00007ffe40b6b000 	C:\WINDOWS\SYSTEM32\CRYPTSP.dll
0x00007ffe40260000 - 0x00007ffe40299000 	C:\WINDOWS\system32\rsaenh.dll
0x00007ffe40920000 - 0x00007ffe40953000 	C:\WINDOWS\SYSTEM32\USERENV.dll
0x00007ffe41460000 - 0x00007ffe4148a000 	C:\WINDOWS\SYSTEM32\bcrypt.dll
0x00007ffe40b70000 - 0x00007ffe40b7c000 	C:\WINDOWS\SYSTEM32\CRYPTBASE.dll
0x00007ffe3fd30000 - 0x00007ffe3fd62000 	C:\WINDOWS\SYSTEM32\IPHLPAPI.DLL
0x00007ffe42e30000 - 0x00007ffe42e3a000 	C:\WINDOWS\System32\NSI.dll
0x00007ffdca0a0000 - 0x00007ffdca0e9000 	C:\Users\felip\AppData\Local\Temp\jna-97315188\jna7196800887124043273.dll
0x00007ffe42a40000 - 0x00007ffe42a48000 	C:\WINDOWS\System32\PSAPI.DLL
0x00007ffe38560000 - 0x00007ffe3857d000 	C:\WINDOWS\SYSTEM32\dhcpcsvc6.DLL
0x00007ffe384c0000 - 0x00007ffe384e5000 	C:\WINDOWS\SYSTEM32\dhcpcsvc.DLL
0x00007ffe40420000 - 0x00007ffe40456000 	C:\WINDOWS\SYSTEM32\ntmarta.dll

JVMTI agents:
c:\Users\felip\.antigravity\extensions\redhat.java-1.54.0-win32-x64\lombok\lombok-1.18.39-4050.jar path:c:\Users\felip\.antigravity\extensions\redhat.java-1.54.0-win32-x64\jre\21.0.10-win32-x86_64\bin\instrument.dll, loaded, initialized, instrumentlib options:none

dbghelp: loaded successfully - version: 4.0.5 - missing functions: none
symbol engine: initialized successfully - sym options: 0x614 - pdb path: .;c:\Users\felip\.antigravity\extensions\redhat.java-1.54.0-win32-x64\jre\21.0.10-win32-x86_64\bin;C:\WINDOWS\SYSTEM32;C:\WINDOWS\WinSxS\amd64_microsoft.windows.common-controls_6595b64144ccf1df_6.0.26100.8115_none_3e075c82e3354f9c;c:\Users\felip\.antigravity\extensions\redhat.java-1.54.0-win32-x64\jre\21.0.10-win32-x86_64\bin\server;C:\Users\felip\AppData\Roaming\Antigravity\User\globalStorage\redhat.java\1.54.0\config_win\org.eclipse.equinox.launcher\org.eclipse.equinox.launcher.win32.win32.x86_64_1.3.0.v20260203-2149;C:\Users\felip\AppData\Local\Temp\jna-97315188

VM Arguments:
jvm_args: --add-modules=ALL-SYSTEM --add-opens=java.base/java.util=ALL-UNNAMED --add-opens=java.base/java.lang=ALL-UNNAMED --add-opens=java.base/sun.nio.fs=ALL-UNNAMED -Declipse.application=org.eclipse.jdt.ls.core.id1 -Dosgi.bundles.defaultStartLevel=4 -Declipse.product=org.eclipse.jdt.ls.core.product -Djava.import.generatesMetadataFilesAtProjectRoot=false -DDetectVMInstallationsJob.disabled=true -Dfile.encoding=utf8 -XX:+UseParallelGC -XX:GCTimeRatio=4 -XX:AdaptiveSizePolicyWeight=90 -Dsun.zip.disableMemoryMapping=true -Xmx2G -Xms100m -Xlog:disable -javaagent:c:\Users\felip\.antigravity\extensions\redhat.java-1.54.0-win32-x64\lombok\lombok-1.18.39-4050.jar -XX:+HeapDumpOnOutOfMemoryError -XX:HeapDumpPath=c:\Users\felip\AppData\Roaming\Antigravity\User\workspaceStorage\add1d95827b3fb64585901f140ca610d\redhat.java -Daether.dependencyCollector.impl=bf 
java_command: c:\Users\felip\.antigravity\extensions\redhat.java-1.54.0-win32-x64\server\plugins\org.eclipse.equinox.launcher_1.7.100.v20251111-0406.jar -configuration c:\Users\felip\AppData\Roaming\Antigravity\User\globalStorage\redhat.java\1.54.0\config_win -data c:\Users\felip\AppData\Roaming\Antigravity\User\workspaceStorage\add1d95827b3fb64585901f140ca610d\redhat.java\jdt_ws --pipe=\\.\pipe\lsp-78073dc52d1884187bc768588ed5c5a3-sock
java_class_path (initial): c:\Users\felip\.antigravity\extensions\redhat.java-1.54.0-win32-x64\server\plugins\org.eclipse.equinox.launcher_1.7.100.v20251111-0406.jar
Launcher Type: SUN_STANDARD

[Global flags]
    uintx AdaptiveSizePolicyWeight                 = 90                                        {product} {command line}
     intx CICompilerCount                          = 4                                         {product} {ergonomic}
    uintx GCTimeRatio                              = 4                                         {product} {command line}
     bool HeapDumpOnOutOfMemoryError               = true                                   {manageable} {command line}
    ccstr HeapDumpPath                             = c:\Users\felip\AppData\Roaming\Antigravity\User\workspaceStorage\add1d95827b3fb64585901f140ca610d\redhat.java         {manageable} {command line}
   size_t InitialHeapSize                          = 104857600                                 {product} {command line}
   size_t MaxHeapSize                              = 2147483648                                {product} {command line}
   size_t MaxNewSize                               = 715653120                                 {product} {ergonomic}
   size_t MinHeapDeltaBytes                        = 524288                                    {product} {ergonomic}
   size_t MinHeapSize                              = 104857600                                 {product} {command line}
   size_t NewSize                                  = 34603008                                  {product} {ergonomic}
    uintx NonNMethodCodeHeapSize                   = 5839372                                {pd product} {ergonomic}
    uintx NonProfiledCodeHeapSize                  = 122909434                              {pd product} {ergonomic}
   size_t OldSize                                  = 70254592                                  {product} {ergonomic}
    uintx ProfiledCodeHeapSize                     = 122909434                              {pd product} {ergonomic}
    uintx ReservedCodeCacheSize                    = 251658240                              {pd product} {ergonomic}
     bool SegmentedCodeCache                       = true                                      {product} {ergonomic}
   size_t SoftMaxHeapSize                          = 2147483648                             {manageable} {ergonomic}
     bool UseCompressedOops                        = true                           {product lp64_product} {ergonomic}
     bool UseLargePagesIndividualAllocation        = false                                  {pd product} {ergonomic}
     bool UseParallelGC                            = true                                      {product} {command line}

Logging:
Log output configuration:
 #0: stdout all=off uptime,level,tags foldmultilines=false
 #1: stderr all=off uptime,level,tags foldmultilines=false

Release file:
JAVA_VERSION="21.0.10" 
MODULES="java.base java.compiler java.datatransfer java.xml java.prefs java.desktop java.instrument java.logging java.management java.security.sasl java.naming java.rmi java.management.rmi java.net.http java.scripting java.security.jgss java.transaction.xa java.sql java.sql.rowset java.xml.crypto java.se java.smartcardio jdk.accessibility jdk.internal.jvmstat jdk.attach jdk.charsets jdk.internal.opt jdk.zipfs jdk.compiler jdk.crypto.ec jdk.crypto.cryptoki jdk.crypto.mscapi jdk.dynalink jdk.internal.ed jdk.editpad jdk.hotspot.agent jdk.httpserver jdk.internal.le jdk.internal.vm.ci jdk.internal.vm.compiler jdk.internal.vm.compiler.management jdk.jartool jdk.javadoc jdk.jcmd jdk.management jdk.management.agent jdk.jconsole jdk.jdeps jdk.jdwp.agent jdk.jdi jdk.jfr jdk.jshell jdk.jsobject jdk.jstatd jdk.localedata jdk.management.jfr jdk.naming.dns jdk.naming.rmi jdk.net jdk.nio.mapmode jdk.random jdk.sctp jdk.security.auth jdk.security.jgss jdk.unsupported jdk.unsupported.desktop jdk.xml.dom" 

Environment Variables:
JAVA_HOME=C:\Program Files\Java\jdk-21
PATH=C:\Program Files\Common Files\Oracle\Java\javapath;C:\Program Files (x86)\Common Files\Oracle\Java\javapath;C:\WINDOWS\system32;C:\WINDOWS;C:\WINDOWS\System32\Wbem;C:\WINDOWS\System32\WindowsPowerShell\v1.0\;C:\WINDOWS\System32\OpenSSH\;C:\Program Files\Apache\Maven\bin;C:\Program Files\Java\jdk-21\bin;C:\Program Files\Git\cmd;C:\Program Files\dotnet\;C:\Program Files\Apache\Maven\bin;C:\nvm4w\nodejs;C:\Program Files\MongoDB\Server\8.2\bin;C:\Program Files\MongoDB\Tools\100\bin;C:\Program Files\Docker\Docker\resources\bin;C:\supabase\supabase\;C:\Program Files\PostgreSQL\18\bin;C:\Users\felip\AppData\Local\Python\pythoncore-3.14-64\Scripts;C:\Users\felip\AppData\Local\Programs\Python\Python312\Scripts\;C:\Users\felip\AppData\Local\Programs\Python\Python312\;C:\Program Files\Common Files\Oracle\Java\javapath;C:\Program Files (x86)\Common Files\Oracle\Java\javapath;C:\WINDOWS\system32;C:\WINDOWS;C:\WINDOWS\System32\Wbem;C:\WINDOWS\System32\WindowsPowerShell\v1.0\;C:\WINDOWS\System32\OpenSSH\;C:\Program Files\HP\HP One Agent;C:\Program Files\Apache\Maven\bin;C:\Program Files\Java\jdk-21\bin;C:\Program Files\Git\cmd;C:\Program Files\dotnet\;C:\Program Files\Apache\Maven\bin;C:\nvm4w\nodejs;C:\Program Files\MongoDB\Server\8.2\bin;C:\Program Files\MongoDB\Tools\100\bin;C:\Program Files\Docker\Docker\resources\bin;C:\supabase\supabase\;C:\Program Files\PostgreSQL\18\bin;C:\Program Files\Common Files\Oracle\Java\javapath;C:\Program Files (x86)\Common Files\Oracle\Java\javapath;C:\WINDOWS\system32;C:\WINDOWS;C:\WINDOWS\System32\Wbem;C:\WINDOWS\System32\WindowsPowerShell\v1.0\;C:\WINDOWS\System32\OpenSSH\;C:\Program Files\HP\HP One Agent;C:\Program Files\Apache\Maven\bin;C:\Program Files\Java\jdk-21\bin;C:\Program Files\Git\cmd;C:\Program Files\dotnet\;C:\Program Files\Ap;C:\ProgramData\felip\GitHubDesktop\bin;C:\Users\felip\AppData\Local\Programs\Microsoft VS Code\bin;C:\Users\felip\AppData\Local\Programs\Antigravity\bin;C:\Users\felip\AppData\Local\Programs\Windsurf\bin
USERNAME=felip
OS=Windows_NT
PROCESSOR_IDENTIFIER=AMD64 Family 23 Model 104 Stepping 1, AuthenticAMD
TMP=C:\Users\felip\AppData\Local\Temp
TEMP=C:\Users\felip\AppData\Local\Temp




Periodic native trim disabled

---------------  S Y S T E M  ---------------

OS:
 Windows 11 , 64 bit Build 26100 (10.0.26100.8246)
OS uptime: 0 days 14:56 hours
Hyper-V role detected

CPU: total 12 (initial active 12) (12 cores per cpu, 2 threads per core) family 23 model 104 stepping 1 microcode 0x8608107, cx8, cmov, fxsr, ht, mmx, 3dnowpref, sse, sse2, sse3, ssse3, sse4a, sse4.1, sse4.2, popcnt, lzcnt, tsc, tscinvbit, avx, avx2, aes, clmul, bmi1, bmi2, adx, sha, fma, vzeroupper, clflush, clflushopt, hv, rdtscp, rdpid, f16c
Processor Information for the first 12 processors :
  Max Mhz: 2100, Current Mhz: 2100, Mhz Limit: 2100

Memory: 4k page, system-wide physical 15693M (716M free)
TotalPageFile size 31080M (AvailPageFile size 125M)
current process WorkingSet (physical memory assigned to process): 23M, peak: 950M
current process commit charge ("private bytes"): 1001M, peak: 1004M

vm_info: OpenJDK 64-Bit Server VM (21.0.10+7-LTS) for windows-amd64 JRE (21.0.10+7-LTS), built on 2026-01-20T00:00:00Z by "admin" with MS VC++ 17.12 (VS2022)

END.
